---
source: src/state.rs
description: "|state|\n    {\n        state.new_secondary_output(\"first title\".into());\n        MockClock::advance(Duration::from_secs(1));\n        state.new_secondary_output(\"second title\".into());\n        MockClock::advance(Duration::from_secs(1));\n        state.render().unwrap();\n    }"
---
# Rendered:
```

> +++   2s first title
  +++   1s second title
```


# Raw:
```
[1G[1B> [38;5;11m+++[39m   2s first title
  [38;5;11m+++[39m   1s second title

```
