---
source: src/state.rs
description: "|state|\n    {\n        state.new_secondary_output(\"one\".into()).new_secondary_output(\"two\".into()).move_cursor_down().move_cursor_down().move_cursor_down().move_cursor_down().render().unwrap();\n    }"
---
# Rendered:
```

  +++   0s one
> +++   0s two
```


# Raw:
```
[1G[1B  [38;5;11m+++[39m   0s one
> [38;5;11m+++[39m   0s two

```
